[assembly: System.Reflection.AssemblyMetadata("RepositoryUrl", "https://github.com/aweXpect/aweXpect.Migration.git")]
[assembly: System.Runtime.CompilerServices.InternalsVisibleTo("aweXpect.Migration.FluentAssertions.Analyzers")]
[assembly: System.Runtime.CompilerServices.InternalsVisibleTo("aweXpect.Migration.FluentAssertions.CodeFixers")]
[assembly: System.Runtime.CompilerServices.InternalsVisibleTo("aweXpect.Migration.FluentAssertions.Tests")]
[assembly: System.Runtime.CompilerServices.InternalsVisibleTo("aweXpect.Migration.Xunit.Analyzers")]
[assembly: System.Runtime.CompilerServices.InternalsVisibleTo("aweXpect.Migration.Xunit.CodeFixers")]
[assembly: System.Runtime.CompilerServices.InternalsVisibleTo("aweXpect.Migration.Xunit.Tests")]
[assembly: System.Runtime.Versioning.TargetFramework(".NETStandard,Version=v2.0", FrameworkDisplayName=".NET Standard 2.0")]
namespace aweXpect.Migration.Common
{
    public abstract class ConcurrentDiagnosticAnalyzer : Microsoft.CodeAnalysis.Diagnostics.DiagnosticAnalyzer
    {
        protected ConcurrentDiagnosticAnalyzer() { }
        public override sealed void Initialize(Microsoft.CodeAnalysis.Diagnostics.AnalysisContext context) { }
        protected abstract void InitializeInternal(Microsoft.CodeAnalysis.Diagnostics.AnalysisContext context);
    }
}